2026-08-04T20:44:55Z task= type=other tokens=179519 source=probe tier=below action=allow
2026-08-04T20:52:56Z task= type=partner-review tokens=206878 source=probe tier=below action=allow
2026-08-04T20:55:46Z task=0 type=implementer tokens=232570 source=probe tier=below action=allow
2026-08-04T20:57:39Z task= type=spec-review tokens=238970 source=probe tier=below action=allow
2026-08-04T20:59:21Z task= type=quality-review tokens=245111 source=probe tier=below action=allow
2026-08-04T21:07:25Z task= type=partner-review tokens=263519 source=probe tier=below action=allow
2026-08-04T21:09:54Z task=1 type=implementer tokens=268667 source=probe tier=below action=allow
2026-08-04T21:12:49Z task= type=spec-review tokens=287163 source=probe tier=below action=allow
2026-08-04T21:14:15Z task= type=quality-review tokens=291256 source=probe tier=below action=allow
2026-08-04T21:16:37Z task= type=partner-review tokens=301943 source=probe tier=soft action=allow
2026-08-04T21:19:51Z task=2 type=implementer tokens=317173 source=probe tier=soft action=nudge
2026-08-04T21:23:34Z task= type=spec-review tokens=328353 source=probe tier=soft action=allow
2026-08-04T21:24:12Z task= type=quality-review tokens=331390 source=probe tier=soft action=allow
2026-08-04T21:37:33Z task= type=partner-review tokens=139810 source=probe tier=below action=allow
2026-08-04T21:41:27Z task=3 type=implementer tokens=167869 source=probe tier=below action=allow
2026-08-04T21:43:23Z task= type=spec-review tokens=180601 source=probe tier=below action=allow
2026-08-04T21:44:35Z task= type=quality-review tokens=188845 source=probe tier=below action=allow
2026-08-04T21:47:03Z task= type=partner-review tokens=218792 source=probe tier=below action=allow
2026-08-04T21:49:10Z task= type=partner-review tokens=226766 source=probe tier=below action=allow
2026-08-04T21:50:22Z task=4 type=implementer tokens=234351 source=probe tier=below action=allow
2026-08-04T21:52:01Z task= type=spec-review tokens=242382 source=probe tier=below action=allow
2026-08-04T21:53:18Z task= type=quality-review tokens=247813 source=probe tier=below action=allow
2026-08-04T21:55:37Z task= type=partner-review tokens=263139 source=probe tier=below action=allow
2026-08-04T21:58:55Z task=5 type=implementer tokens=271530 source=probe tier=below action=allow
2026-08-04T22:01:26Z task= type=spec-review tokens=282925 source=probe tier=below action=allow
2026-08-04T22:03:03Z task= type=quality-review tokens=288477 source=probe tier=below action=allow
2026-08-04T22:06:06Z task= type=partner-review tokens=309658 source=probe tier=soft action=allow
2026-08-04T22:07:11Z task=6 type=implementer tokens=316795 source=probe tier=soft action=nudge
2026-08-04T22:09:09Z task= type=spec-review tokens=328590 source=probe tier=soft action=allow
2026-08-04T22:10:15Z task= type=quality-review tokens=333854 source=probe tier=soft action=allow
2026-08-04T22:15:33Z task= type=partner-review tokens=138424 source=probe tier=below action=allow
2026-08-04T22:17:00Z task=7 type=implementer tokens=147891 source=probe tier=below action=allow
2026-08-04T22:19:25Z task= type=spec-review tokens=160895 source=probe tier=below action=allow
2026-08-04T22:21:11Z task= type=quality-review tokens=169691 source=probe tier=below action=allow
2026-08-04T22:23:24Z task= type=partner-review tokens=184717 source=probe tier=below action=allow
2026-08-04T22:26:09Z task=8 type=implementer tokens=201787 source=probe tier=below action=allow
2026-08-04T22:34:06Z task= type=spec-review tokens=217373 source=probe tier=below action=allow
2026-08-04T22:42:46Z task= type=quality-review tokens=220436 source=probe tier=below action=allow
2026-08-04T22:53:17Z task=9 type=implementer tokens=244343 source=probe tier=below action=allow
2026-08-04T22:54:29Z task= type=spec-review tokens=252753 source=probe tier=below action=allow
2026-08-04T22:56:33Z task=10 type=implementer tokens=268718 source=probe tier=below action=allow
2026-08-04T22:58:15Z task= type=spec-review tokens=277845 source=probe tier=below action=allow
2026-08-04T23:00:49Z task= type=partner-review tokens=304966 source=probe tier=soft action=allow
2026-08-04T23:02:15Z task=11 type=implementer tokens=311915 source=probe tier=soft action=nudge
2026-08-04T23:08:30Z task= type=spec-review tokens=336344 source=probe tier=soft action=allow
2026-08-04T23:10:20Z task= type=quality-review tokens=342870 source=probe tier=soft action=allow
2026-08-04T23:14:36Z task= type=partner-review tokens=136725 source=probe tier=below action=allow
2026-08-04T23:16:09Z task=12 type=implementer tokens=146494 source=probe tier=below action=allow
2026-08-04T23:26:57Z task= type=spec-review tokens=160859 source=probe tier=below action=allow
2026-08-04T23:28:38Z task= type=quality-review tokens=174999 source=probe tier=below action=allow
